// Jest Snapshot v1, https://goo.gl/fbAQLP

exports[`AddressBookCard should match snapshot 1`] = `
<View
  accessibilityState={
    {
      "busy": undefined,
      "checked": undefined,
      "disabled": undefined,
      "expanded": undefined,
      "selected": undefined,
    }
  }
  accessibilityValue={
    {
      "max": undefined,
      "min": undefined,
      "now": undefined,
      "text": undefined,
    }
  }
  accessible={true}
  collapsable={false}
  focusable={true}
  onBlur={[Function]}
  onClick={[Function]}
  onFocus={[Function]}
  onResponderGrant={[Function]}
  onResponderMove={[Function]}
  onResponderRelease={[Function]}
  onResponderTerminate={[Function]}
  onResponderTerminationRequest={[Function]}
  onStartShouldSetResponder={[Function]}
  style={
    {
      "alignItems": "center",
      "flexDirection": "row",
      "justifyContent": "center",
    }
  }
>
  <Text />
  <View
    style={
      {
        "alignItems": "center",
        "borderColor": "#ffffff",
        "borderRadius": 25,
        "borderWidth": 3,
        "height": 25,
        "justifyContent": "center",
        "marginHorizontal": 10,
        "width": 25,
      }
    }
  >
    <View
      style={
        {
          "height": 15,
          "width": 15,
        }
      }
    />
  </View>
</View>
`;
